
Running 16 tests using 1 worker

[1A[2K[1/16] [chromium] ΓÇ║ tests\e2e\full-journey.spec.ts:28:7 ΓÇ║ Full AESDR Course Journey ΓÇ║ 1. Login
[1A[2K[2/16] [chromium] ΓÇ║ tests\e2e\full-journey.spec.ts:44:7 ΓÇ║ Full AESDR Course Journey ΓÇ║ 2. Dashboard loads with lessons
[1A[2K[3/16] [chromium] ΓÇ║ tests\e2e\full-journey.spec.ts:56:9 ΓÇ║ Full AESDR Course Journey ΓÇ║ 3.1. Complete Lesson 1
[1A[2K[chromium] ΓÇ║ tests\e2e\full-journey.spec.ts:56:9 ΓÇ║ Full AESDR Course Journey ΓÇ║ 3.1. Complete Lesson 1
Lesson 1 Unit 1 load time: 1689ms

[1A[2K  L1 U1 ΓåÆ screen s1

[1A[2K  L1 U1 ΓåÆ screen s2

[1A[2K  L1 U1 ΓåÆ screen s3

[1A[2K    completed: timeline

[1A[2K  L1 U1 ΓåÆ screen s4

[1A[2K    completed: schedule

[1A[2K  L1 U1 ΓåÆ screen s5

[1A[2K    completed: cc

[1A[2K  L1 U1 ΓåÆ screen s6

[1A[2K    completed: quiz

[1A[2K  L1 U1 ΓåÆ screen s7

[1A[2K    completed: homework

[1A[2K  L1 U1 ΓåÆ screen s8

[1A[2K  L1 U1 ΓåÆ COMPLETE

[1A[2KLesson 1 Unit 1: 7 screens in 73344ms

[1A[2KLesson 1 Unit 2 load time: 1666ms

[1A[2K  L1 U2 ΓåÆ screen s0

[1A[2KLesson 1 Unit 2: 0 screens in 2713ms

[1A[2KLesson 1 Unit 3 load time: 1729ms

[1A[2K  L1 U3 ΓåÆ screen s0

[1A[2KLesson 1 Unit 3: 0 screens in 2757ms

[1A[2K[4/16] [chromium] ΓÇ║ tests\e2e\full-journey.spec.ts:56:9 ΓÇ║ Full AESDR Course Journey ΓÇ║ 3.2. Complete Lesson 2
[1A[2K[chromium] ΓÇ║ tests\e2e\full-journey.spec.ts:56:9 ΓÇ║ Full AESDR Course Journey ΓÇ║ 3.2. Complete Lesson 2
Lesson 2 Unit 1 load time: 1561ms

[1A[2K  L2 U1 ΓåÆ screen s0

[1A[2KLesson 2 Unit 1: 0 screens in 2650ms

[1A[2KLesson 2 Unit 2 load time: 1693ms

[1A[2K  L2 U2 ΓåÆ screen s0

[1A[2KLesson 2 Unit 2: 0 screens in 2761ms

[1A[2KLesson 2 Unit 3 load time: 1829ms

[1A[2K  L2 U3 ΓåÆ screen s0

[1A[2KLesson 2 Unit 3: 0 screens in 2911ms

